Position,Reference,isolate_1
157,C,G
560,G,G
561,C,C
779,C,G
